// Jest Snapshot v1, https://goo.gl/fbAQLP

exports[`Renders correctly 1`] = `
<div
  className="welcome"
  id="test"
>
  Welcome to your app.
</div>
`;
